
  PITFALL — корректность признаков по времени через дифференциальное исполнение
  phi(D, t) == phi(D|t, t).  Программа — чёрный ящик, вызываемый дважды.
  Данные: Olist, 7 таблиц, 112 650 позиций заказов, 2016-09 — 2018-10

━━━━━━━━━━━━━━━━━━━━━━━━━━━━━━━━━━━━━━━━━━━━━━━━━━━━━━━━━━━━━━━━━━━━━━━━━━━━━━
  СЦЕНА 1. featuretools с настройками по умолчанию
  ft.dfs без таблицы моментов предсказания — так написано в туториале библиотеки
━━━━━━━━━━━━━━━━━━━━━━━━━━━━━━━━━━━━━━━━━━━━━━━━━━━━━━━━━━━━━━━━━━━━━━━━━━━━━━
  момент предсказания 2018-04-01, сущностей 5478

    ВЕРДИКТ: УТЕЧКА     дифференциальное исполнение, 7.6 с
  расходятся колонки (11): COUNT(items), MAX(items.freight_value), MAX(items.price), MEAN(items.freight_value), MEAN(items.price), MIN(items.freight_value), MIN(items.price), STD(items.freight_value) …
  расхождений в значениях: 19334
  это доказательство, а не подозрение: те же входы, другой ответ

  момент            AUC   корректно   завышение   проверка
  2018-01-01     0.8045      0.6563     +14.82 п.п.   0.834
  2018-04-01     0.7774      0.6144     +16.30 п.п.   0.809
  2018-07-01     0.7454      0.5890     +15.63 п.п.   0.759

  промышленная проверка «макс AUC одного признака»: 0.809  (сильнейший: COUNT(items))
  порог DataRobot 0.85 / 0.975  →  МОЛЧИТ

━━━━━━━━━━━━━━━━━━━━━━━━━━━━━━━━━━━━━━━━━━━━━━━━━━━━━━━━━━━━━━━━━━━━━━━━━━━━━━
  СЦЕНА 2. наш собственный эталон, первая версия
  фильтр по времени заказа; у отзыва и факта доставки своя, более поздняя метка
━━━━━━━━━━━━━━━━━━━━━━━━━━━━━━━━━━━━━━━━━━━━━━━━━━━━━━━━━━━━━━━━━━━━━━━━━━━━━━
  момент предсказания 2018-04-01, сущностей 852

    ВЕРДИКТ: УТЕЧКА     дифференциальное исполнение, 0.2 с
  расходятся колонки (4): review_score_mean, review_score_min, late_mean, delay_days_mean
  расхождений в значениях: 2014
  это доказательство, а не подозрение: те же входы, другой ответ

  момент            AUC   корректно   завышение   проверка
  2018-01-01     0.6071      0.5762      +3.09 п.п.   0.623
  2018-04-01     0.6451      0.5925      +5.26 п.п.   0.687
  2018-07-01     0.6265      0.5888      +3.78 п.п.   0.657

  промышленная проверка «макс AUC одного признака»: 0.687  (сильнейший: review_score_mean)
  порог DataRobot 0.85 / 0.975  →  МОЛЧИТ

━━━━━━━━━━━━━━━━━━━━━━━━━━━━━━━━━━━━━━━━━━━━━━━━━━━━━━━━━━━━━━━━━━━━━━━━━━━━━━
  СЦЕНА 3. тот же эталон после исправления
  у каждой колонки собственная метка доступности; больше ничего не изменено
━━━━━━━━━━━━━━━━━━━━━━━━━━━━━━━━━━━━━━━━━━━━━━━━━━━━━━━━━━━━━━━━━━━━━━━━━━━━━━
  момент предсказания 2018-04-01, сущностей 852

    ВЕРДИКТ: ЧИСТО     дифференциальное исполнение, 0.2 с
  выход побитово совпал на полной и на усечённой базе

  момент            AUC   корректно   завышение   проверка
  2018-01-01     0.5762      0.5762      +0.00 п.п.   0.572
  2018-04-01     0.5925      0.5925      +0.00 п.п.   0.610
  2018-07-01     0.5888      0.5888      +0.00 п.п.   0.602

  промышленная проверка «макс AUC одного признака»: 0.610  (сильнейший: review_score_mean)
  порог DataRobot 0.85 / 0.975  →  МОЛЧИТ

━━━━━━━━━━━━━━━━━━━━━━━━━━━━━━━━━━━━━━━━━━━━━━━━━━━━━━━━━━━━━━━━━━━━━━━━━━━━━━
  ИТОГ
━━━━━━━━━━━━━━━━━━━━━━━━━━━━━━━━━━━━━━━━━━━━━━━━━━━━━━━━━━━━━━━━━━━━━━━━━━━━━━
  сцена                                        оракул       проверка   завышение
  featuretools с настройками по умолчанию      УТЕЧКА        ПРОПУСК    +16.3 п.п.
  наш собственный эталон, первая версия        УТЕЧКА        ПРОПУСК     +5.3 п.п.
  тот же эталон после исправления               ЧИСТО          верно     +0.0 п.п.

  Оракул срабатывает там, где промышленная проверка молчит, и молчит
  там, где код корректен. Он ничего не разбирает — только сравнивает выход.

